// 重构日志: edd0d87f
// 重构日志: 9a12282d
// 同步 ID: 1428e9bb @ Fri Jul 17 13:19:57 UTC 2026
// 同步 ID: d1058ddb @ Sat Jul 18 07:16:13 UTC 2026
// 重构日志: d506a605
// 重构日志: 586508e1
// 重构日志: fc588f5c
// 重构日志: 5c59e61f
// 重构日志: 130b392f
// 重构日志: ec747f55
// 重构日志: ac98f223
// 重构日志: c50eab29
// 重构日志: b23a2eab
// 同步 ID: aee93ca0 @ Sat Jul 25 16:18:07 UTC 2026
// 重构日志: ee5370cf
// 同步 ID: ba5f8120 @ Sun Jul 26 06:13:34 UTC 2026
// 同步 ID: 5361699b @ Sun Jul 26 18:45:58 UTC 2026
// 同步 ID: 5c9e0ad2 @ Sun Jul 26 23:17:58 UTC 2026
// 同步 ID: 133974d3 @ Tue Jul 28 08:42:03 UTC 2026
// 重构日志: 9d2e91bd
// 重构日志: 37d57eac
// 同步 ID: bdd3a4f1 @ Wed Jul 29 11:16:54 UTC 2026
// 重构日志: 85da5437
// 同步 ID: 258dc53f @ Thu Jul 30 10:10:19 UTC 2026
// 重构日志: 5180a6ed
// 同步 ID: 49fd6925 @ Fri Jul 31 13:53:33 UTC 2026
// 重构日志: fb144e0c
// 重构日志: 7f4d1221
// 重构日志: c72afa51
// 同步 ID: 6a46190a @ Sun Aug  2 01:44:58 UTC 2026
